ciphey -t 'K5XXOIJAKRUGC5BAO5QXGIDBEBRW633MEBRW63TGNFTXK4TBORUW63RB'
[?2004l
[0m[37m🤠 Howdy! This is your first time running ciphey.[0m
[0m[37mLet me help you configure ciphey.[0m

[0m[33mDo you want a tutorial?[0m
[0m[33m(Y/n): [0mn

[0m[33mDo you want a custom colour scheme? Will be applied after we're done configuring[0m
[0m[33m(y/N): [0my

[0m[37mWhat colour scheme looks best to you?[0m
1. Capptucin
   [0m[38;2;238;212;159mInformational[0m | [0m[38;2;237;135;150mWarning[0m | [0m[38;2;166;218;149mSuccess[0m | [0m[38;2;202;211;245mQuestions[0m | [0m[38;2;244;219;214mStatements[0m

2. Darcula
   [0m[38;2;241;250;140mInformational[0m | [0m[38;2;255;85;85mWarning[0m | [0m[38;2;80;250;123mSuccess[0m | [0m[38;2;139;233;253mQuestions[0m | [0m[38;2;248;248;242mStatements[0m

3. 💖✨💐 GirlyPop
   [0m[38;2;237;69;146mInformational[0m | [0m[38;2;241;218;165mWarning[0m | [0m[38;2;243;214;243mSuccess[0m | [0m[38;2;255;128;177mQuestions[0m | [0m[38;2;255;148;219mStatements[0m

4. Default
   [0m[38;2;255;215;0mInformational[0m | [0m[38;2;255;0;0mWarning[0m | [0m[38;2;0;255;0mSuccess[0m | [0m[38;2;255;215;0mQuestions[0m | [0m[38;2;255;255;255mStatements[0m

5. Custom
   Format: r,g,b (e.g., 255,0,0 for red)
   Values must be between 0 and 255
   You'll be prompted to enter RGB values for each color.

[0m[33mEnter your choice (1-5):  (1-5): [0m3

[0m[33mWhat sounds better to you?[0m

[0m[37m1. ciphey will ask you every time it detects plaintext if it is plaintext.
2. ciphey stores all possible plaintext in a list, and at the end of the program presents it to you.[0m
[0m[33mEnter your choice (1-2): [0m1
[0m[33m
Would you like ciphey to use custom wordlists to detect plaintext?[0m
[0m[37mciphey can use custom wordlists to detect plaintext by checking for exact matches.[0m
[0m[31mNote: If your wordlist is very large, this can generate excessive matches.[0m
[0m[33m(y/N): [0m
[0m[33m
Would you like to enable Enhanced Plaintext Detection?[0m
[0m[37mThis will increase accuracy by around 40%, and you will be asked less frequently if something is plaintext or not.[0m
[0m[37mThis will download a 500mb AI model.[0m
[0m[37mYou will need to follow these steps to download it:[0m
[0m[37m1. Make a HuggingFace account https://huggingface.co/[0m
[0m[37m2. Make a READ Token https://huggingface.co/settings/tokens[0m
[0m[31mNote: You will be able to do this later by running `ciphey --enable-enhanced-detection`[0m
[0m[37mWe will prompt you for the token if you click Yes. We will not store this token, just use it to download a model.[0m
[0m[33m(y/N): [0m

[0m[33mDo you want to see a cute cat?[0m
[0m[33m(y/N): [0my

        /\_/\
        ( o.o )
        o( ( ))
        
🕵️ I think the plaintext is [0m[1m[38;2;237;69;146mWords[0m.
Possible plaintext: '[0m[1m[38;2;237;69;146mWow! That was a cool configuration![0m' (y/N): 
y

🥳 ciphey has decoded [0m[1m[38;2;255;148;219m64[0m times.

The plaintext is:
[0m[1m[38;2;243;214;243mWow! That was a cool configuration![0m
the decoder used is [0m[1m[38;2;237;69;146mBase32[0m
[?2004h[1;38;2;166;227;161m❯[0m 